// Jest Snapshot v1, https://goo.gl/fbAQLP

exports[`Detailed Forecast renders correctly 1`] = `
<DocumentFragment>
  <div
    class="detailed-forecast"
  >
    <div
      class="detailed-forecast-date"
    >
      Details for Mon Apr 30 2018
    </div>
    <div>
      <i
        class="wi wi-day-sunny wi-flip-horizontal wi-rotate-90"
        name="owm"
      />
       test
    </div>
    <div
      class="detailedForecast__maxTemperature"
    >
      Max: 15°C
    </div>
    <div
      class="detailedForecast__minTemperature"
    >
      Min: 10°C
    </div>
    <div
      class="detailedForecast__humidity"
    >
      Humidity: 67%
    </div>
    <div
      class="detailedForecast__windSpeed"
    >
      Wind Speed: 11mph
    </div>
    <div
      class="detailedForecast__windDirection"
    >
      Wind Direction: se
    </div>
  </div>
</DocumentFragment>
`;
